[2026-04-18T21:54:19.785Z] GET http://localhost:3000/ → 200 (10ms, 52391B)
[2026-04-18T21:54:19.799Z] GET http://localhost:3000/_next/static/media/02ef8a56d73e473f-s.p.ttf → 200 (343ms, 3778984B)
[2026-04-18T21:54:19.799Z] GET http://localhost:3000/_next/static/media/17fd28801285d86b-s.p.ttf → 200 (295ms, 3810920B)
[2026-04-18T21:54:19.800Z] GET http://localhost:3000/_next/static/media/2fa0a1c5099e3479-s.p.ttf → 200 (139ms, 2180948B)
[2026-04-18T21:54:19.800Z] GET http://localhost:3000/_next/static/media/3fef17f232a0b10b-s.p.ttf → 200 (300ms, 3832732B)
[2026-04-18T21:54:19.800Z] GET http://localhost:3000/_next/static/media/98b1181c8c1ccf44-s.p.ttf → 200 (169ms, 2360224B)
[2026-04-18T21:54:19.800Z] GET http://localhost:3000/_next/static/media/c2ac936b15e401e7-s.p.ttf → 200 (170ms, 2328100B)
[2026-04-18T21:54:19.800Z] GET http://localhost:3000/_next/static/media/c92905651ca80e94-s.p.ttf → 200 (425ms, 3723328B)
[2026-04-18T21:54:19.800Z] GET http://localhost:3000/_next/static/media/e71c2d305b867e6f-s.p.ttf → 200 (383ms, 2314400B)
[2026-04-18T21:54:19.800Z] GET http://localhost:3000/_next/static/css/9dc9b43d3e36be3d.css → 200 (139ms, 50094B)
[2026-04-18T21:54:19.800Z] GET http://localhost:3000/_next/static/chunks/webpack-86a51403c8a1e4d6.js → 200 (189ms, 3326B)
[2026-04-18T21:54:19.801Z] GET http://localhost:3000/_next/static/chunks/4bd1b696-215e5051988c3dde.js → 200 (203ms, 199864B)
[2026-04-18T21:54:19.801Z] GET http://localhost:3000/_next/static/chunks/794-4d0b7b700451cc43.js → 200 (210ms, 221390B)
[2026-04-18T21:54:19.801Z] GET http://localhost:3000/_next/static/chunks/main-app-3f94d1654d7621f8.js → 200 (217ms, 513B)
[2026-04-18T21:54:19.801Z] GET http://localhost:3000/_next/static/chunks/500-c99b8dfd3de17c86.js → 200 (254ms, 8697B)
[2026-04-18T21:54:19.801Z] GET http://localhost:3000/_next/static/chunks/app/layout-99638f81bb85198a.js → 200 (254ms, 5628B)
[2026-04-18T21:54:19.801Z] GET http://localhost:3000/_next/static/chunks/app/page-1e20f3103fd11f64.js → 200 (278ms, 191B)
[2026-04-18T21:54:20.088Z] GET http://localhost:3000/encyclopedia?_rsc=1r34m → 200 (13ms, ?B)
[2026-04-18T21:54:20.088Z] GET http://localhost:3000/pairing?_rsc=1r34m → 200 (41ms, 1083B)
[2026-04-18T21:54:20.088Z] GET http://localhost:3000/diagnosis?_rsc=1r34m → 200 (41ms, 1085B)
[2026-04-18T21:54:20.088Z] GET http://localhost:3000/mypage?_rsc=1r34m → 200 (55ms, 185B)
[2026-04-18T21:54:20.143Z] GET http://localhost:3000/articles?_rsc=1r34m → 200 (1ms, 1084B)
[2026-04-18T21:54:20.143Z] GET http://localhost:3000/encyclopedia?_rsc=p37cr → 200 (1ms, ?B)
[2026-04-18T21:54:20.144Z] GET http://localhost:3000/pairing?_rsc=1pn8p → 200 (?ms, 1224B)
[2026-04-18T21:54:20.144Z] GET http://localhost:3000/pairing?_rsc=nn07o → 200 (?ms, 3357B)
[2026-04-18T21:54:20.144Z] GET http://localhost:3000/pairing?_rsc=ygx3b → 200 (31ms, 271B)
[2026-04-18T21:54:20.173Z] GET http://localhost:3000/pairing?_rsc=1esqv → 200 (7ms, 643B)
[2026-04-18T21:54:20.173Z] GET http://localhost:3000/diagnosis?_rsc=1pn8p → 200 (7ms, 1224B)
[2026-04-18T21:54:20.173Z] GET http://localhost:3000/diagnosis?_rsc=mqgai → 200 (7ms, 271B)
[2026-04-18T21:54:20.175Z] GET http://localhost:3000/diagnosis?_rsc=1omt9 → 200 (6ms, 645B)
[2026-04-18T21:54:20.181Z] GET http://localhost:3000/_next/static/chunks/app/pairing/page-efb885e4a6ace61e.js → 200 (3ms, 9498B)
[2026-04-18T21:54:20.181Z] GET http://localhost:3000/mypage?_rsc=p37cr → 200 (2ms, ?B)
[2026-04-18T21:54:20.182Z] GET http://localhost:3000/articles?_rsc=1pn8p → 200 (1ms, 1224B)
[2026-04-18T21:54:20.182Z] GET http://localhost:3000/articles?_rsc=1v02x → 200 (1ms, 271B)
[2026-04-18T21:54:20.182Z] GET http://localhost:3000/_next/static/chunks/600-00738d4085dfdd2c.js → 200 (16ms, 15615B)
[2026-04-18T21:54:20.182Z] GET http://localhost:3000/_next/static/chunks/app/diagnosis/page-319f35683dbdc466.js → 200 (17ms, 9327B)
[2026-04-18T21:54:20.182Z] GET http://localhost:3000/articles?_rsc=331w3 → 200 (6ms, 643B)
[2026-04-18T21:54:20.183Z] GET http://localhost:3000/?_rsc=1pn8p → 200 (15ms, 1224B)
[2026-04-18T21:54:20.184Z] GET http://localhost:3000/?_rsc=ivliq → 200 (14ms, 23204B)
[2026-04-18T21:54:20.198Z] GET http://localhost:3000/_next/static/chunks/app/articles/page-39e2fffc2c7d95f3.js → 200 (1ms, 5808B)
[2026-04-18T21:54:40.640Z] GET http://localhost:3001/ → pending (?ms, ?B)
[2026-04-18T21:54:41.967Z] GET http://localhost:3001/_next/static/media/797e433ab948586e-s.p.0.q-h669a_dqa.woff2 → 200 (20ms, 31288B)
[2026-04-18T21:54:41.967Z] GET http://localhost:3001/_next/static/media/caa3a2e1cccd8315-s.p.16t1db8_9y2o~.woff2 → 200 (21ms, 28388B)
[2026-04-18T21:54:41.968Z] GET http://localhost:3001/_next/image?url=%2Fapp-logo.png&w=32&q=75 → pending (?ms, ?B)
[2026-04-18T21:54:41.969Z] GET http://localhost:3001/_next/image?url=%2Fapp-logo.png&w=96&q=75 → pending (?ms, ?B)
[2026-04-18T21:54:41.969Z] GET http://localhost:3001/_next/static/chunks/%5Broot-of-the-server%5D__06.-pfn._.css → 200 (22ms, 22862B)
[2026-04-18T21:54:41.969Z] GET http://localhost:3001/_next/static/chunks/%5Bturbopack%5D_browser_dev_hmr-client_hmr-client_ts_10z625~._.js → 200 (705ms, 675B)
[2026-04-18T21:54:41.969Z] GET http://localhost:3001/_next/static/chunks/node_modules_next_dist_compiled_next-devtools_index_0553esy.js → pending (?ms, ?B)
[2026-04-18T21:54:41.969Z] GET http://localhost:3001/_next/static/chunks/node_modules_next_dist_compiled_react-dom_058-ah~._.js → pending (?ms, ?B)
[2026-04-18T21:54:41.969Z] GET http://localhost:3001/_next/static/chunks/node_modules_next_dist_compiled_react-server-dom-turbopack_0p3wegg._.js → pending (?ms, ?B)
[2026-04-18T21:54:41.969Z] GET http://localhost:3001/_next/static/chunks/node_modules_next_dist_compiled_0rpq4pf._.js → pending (?ms, ?B)
[2026-04-18T21:54:41.969Z] GET http://localhost:3001/_next/static/chunks/node_modules_next_dist_client_0fhqo1d._.js → pending (?ms, ?B)
[2026-04-18T21:54:41.969Z] GET http://localhost:3001/_next/static/chunks/node_modules_next_dist_115brz8._.js → pending (?ms, ?B)
[2026-04-18T21:54:41.969Z] GET http://localhost:3001/_next/static/chunks/node_modules_%40swc_helpers_cjs_0-4ujiy._.js → pending (?ms, ?B)
[2026-04-18T21:54:41.969Z] GET http://localhost:3001/_next/static/chunks/_0rqeker._.js → pending (?ms, ?B)
[2026-04-18T21:54:41.969Z] GET http://localhost:3001/_next/static/chunks/turbopack-_0p44nws._.js → pending (?ms, ?B)
[2026-04-18T21:54:41.969Z] GET http://localhost:3001/_next/static/chunks/node_modules_next_dist_0gscgcd._.js → pending (?ms, ?B)
[2026-04-18T21:54:41.969Z] GET http://localhost:3001/_next/static/chunks/app_layout_tsx_004glpo._.js → pending (?ms, ?B)
[2026-04-18T21:54:41.969Z] GET http://localhost:3001/_next/static/chunks/node_modules_next_dist_client_components_builtin_global-error_0ujvjeh.js → pending (?ms, ?B)
[2026-04-18T21:54:42.804Z] GET http://localhost:3001/_next/static/chunks/%5Bturbopack%5D_browser_dev_hmr-client_hmr-client_ts_0yjw1oe._.js → 200 (21ms, 15615B)
[2026-04-18T21:54:42.804Z] GET http://localhost:3001/_next/static/chunks/%5Bturbopack%5D_browser_dev_hmr-client_hmr-client_ts_10mygs7._.js → 200 (21ms, 289B)
